## Footprint report - date 2026-05-04T15:23:08-0400
## Printed by KiCad version 9.99.0-4247-g42f93c0d15
## Unit = mm, Angle = deg.

$BeginDESCRIPTION

$BOARD
upper_left_corner 47.196954 29.429426
$EndBOARD

$MODULE C1
reference C1
value 1uF
footprint Capacitor_THT:CP_Radial_D5.0mm_P2.00mm
attribut none
position 90.000000 135.000000  orientation 180.00
layer front
$PAD "1"
Shape Roundrect Layer both
position  0.000000  0.000000 size  1.600000  1.600000 orientation 180.00
drill  0.800000
shape_offset  0.000000  0.000000
$EndPAD
$PAD "2"
Shape Circle Layer both
position  2.000000  0.000000 size  1.600000  1.600000 orientation 180.00
drill  0.800000
shape_offset  0.000000  0.000000
$EndPAD
$EndMODULE C1

$MODULE C2
reference C2
value .1uF
footprint Capacitor_THT:CP_Radial_D5.0mm_P2.00mm
attribut none
position 78.000000 130.000000  orientation 0.00
layer front
$PAD "1"
Shape Roundrect Layer both
position  0.000000  0.000000 size  1.600000  1.600000 orientation 0.00
drill  0.800000
shape_offset  0.000000  0.000000
$EndPAD
$PAD "2"
Shape Circle Layer both
position  2.000000  0.000000 size  1.600000  1.600000 orientation 0.00
drill  0.800000
shape_offset  0.000000  0.000000
$EndPAD
$EndMODULE C2

$MODULE D1
reference D1
value LED
footprint LED_THT:LED_D3.0mm
attribut none
position 134.180000 60.000000  orientation 0.00
layer front
$PAD "1"
Shape Rect Layer both
position  0.000000  0.000000 size  1.800000  1.800000 orientation 0.00
drill  0.900000
shape_offset  0.000000  0.000000
$EndPAD
$PAD "2"
Shape Circle Layer both
position  2.540000  0.000000 size  1.800000  1.800000 orientation 0.00
drill  0.900000
shape_offset  0.000000  0.000000
$EndPAD
$EndMODULE D1

$MODULE D2
reference D2
value LED
footprint LED_THT:LED_D3.0mm
attribut none
position 65.390000 50.820000  orientation 0.00
layer front
$PAD "1"
Shape Rect Layer both
position  0.000000  0.000000 size  1.800000  1.800000 orientation 0.00
drill  0.900000
shape_offset  0.000000  0.000000
$EndPAD
$PAD "2"
Shape Circle Layer both
position  2.540000  0.000000 size  1.800000  1.800000 orientation 0.00
drill  0.900000
shape_offset  0.000000  0.000000
$EndPAD
$EndMODULE D2

$MODULE D3
reference D3
value LED
footprint LED_THT:LED_D3.0mm
attribut none
position 116.730000 63.500000  orientation 180.00
layer front
$PAD "1"
Shape Rect Layer both
position  0.000000  0.000000 size  1.800000  1.800000 orientation 180.00
drill  0.900000
shape_offset  0.000000  0.000000
$EndPAD
$PAD "2"
Shape Circle Layer both
position  2.540000  0.000000 size  1.800000  1.800000 orientation 180.00
drill  0.900000
shape_offset  0.000000  0.000000
$EndPAD
$EndMODULE D3

$MODULE D4
reference D4
value LED
footprint LED_THT:LED_D3.0mm
attribut none
position 81.280000 67.320000  orientation 0.00
layer front
$PAD "1"
Shape Rect Layer both
position  0.000000  0.000000 size  1.800000  1.800000 orientation 0.00
drill  0.900000
shape_offset  0.000000  0.000000
$EndPAD
$PAD "2"
Shape Circle Layer both
position  2.540000  0.000000 size  1.800000  1.800000 orientation 0.00
drill  0.900000
shape_offset  0.000000  0.000000
$EndPAD
$EndMODULE D4

$MODULE D5
reference D5
value LED
footprint LED_THT:LED_D3.0mm
attribut none
position 64.140000 130.090000  orientation 0.00
layer front
$PAD "1"
Shape Rect Layer both
position  0.000000  0.000000 size  1.800000  1.800000 orientation 0.00
drill  0.900000
shape_offset  0.000000  0.000000
$EndPAD
$PAD "2"
Shape Circle Layer both
position  2.540000  0.000000 size  1.800000  1.800000 orientation 0.00
drill  0.900000
shape_offset  0.000000  0.000000
$EndPAD
$EndMODULE D5

$MODULE D6
reference D6
value LED
footprint LED_THT:LED_D3.0mm
attribut none
position 125.520000 41.220000  orientation 180.00
layer front
$PAD "1"
Shape Rect Layer both
position  0.000000  0.000000 size  1.800000  1.800000 orientation 180.00
drill  0.900000
shape_offset  0.000000  0.000000
$EndPAD
$PAD "2"
Shape Circle Layer both
position  2.540000  0.000000 size  1.800000  1.800000 orientation 180.00
drill  0.900000
shape_offset  0.000000  0.000000
$EndPAD
$EndMODULE D6

$MODULE D7
reference D7
value LED
footprint LED_THT:LED_D3.0mm
attribut none
position 150.000000 120.000000  orientation 180.00
layer front
$PAD "1"
Shape Rect Layer both
position  0.000000  0.000000 size  1.800000  1.800000 orientation 180.00
drill  0.900000
shape_offset  0.000000  0.000000
$EndPAD
$PAD "2"
Shape Circle Layer both
position  2.540000  0.000000 size  1.800000  1.800000 orientation 180.00
drill  0.900000
shape_offset  0.000000  0.000000
$EndPAD
$EndMODULE D7

$MODULE D8
reference D8
value LED
footprint LED_THT:LED_D3.0mm
attribut none
position 155.000000 110.000000  orientation 180.00
layer front
$PAD "1"
Shape Rect Layer both
position  0.000000  0.000000 size  1.800000  1.800000 orientation 180.00
drill  0.900000
shape_offset  0.000000  0.000000
$EndPAD
$PAD "2"
Shape Circle Layer both
position  2.540000  0.000000 size  1.800000  1.800000 orientation 180.00
drill  0.900000
shape_offset  0.000000  0.000000
$EndPAD
$EndMODULE D8

$MODULE D9
reference D9
value LED
footprint LED_THT:LED_D3.0mm
attribut none
position 55.640000 128.180000  orientation 0.00
layer front
$PAD "1"
Shape Rect Layer both
position  0.000000  0.000000 size  1.800000  1.800000 orientation 0.00
drill  0.900000
shape_offset  0.000000  0.000000
$EndPAD
$PAD "2"
Shape Circle Layer both
position  2.540000  0.000000 size  1.800000  1.800000 orientation 0.00
drill  0.900000
shape_offset  0.000000  0.000000
$EndPAD
$EndMODULE D9

$MODULE D10
reference D10
value LED
footprint LED_THT:LED_D3.0mm
attribut none
position 62.750000 71.080000  orientation 180.00
layer front
$PAD "1"
Shape Rect Layer both
position  0.000000  0.000000 size  1.800000  1.800000 orientation 180.00
drill  0.900000
shape_offset  0.000000  0.000000
$EndPAD
$PAD "2"
Shape Circle Layer both
position  2.540000  0.000000 size  1.800000  1.800000 orientation 180.00
drill  0.900000
shape_offset  0.000000  0.000000
$EndPAD
$EndMODULE D10

$MODULE G***
reference G***
value LOGO
footprint LOGO
attribut virtual
position 107.250000 97.520000  orientation 0.00
layer front
$EndMODULE G***

$MODULE J1
reference J1
value Conn_01x02_Socket
footprint Connector_PinHeader_2.54mm:PinHeader_1x02_P2.54mm_Vertical
attribut none
position 127.730000 127.130000  orientation 90.00
layer front
$PAD "1"
Shape Rect Layer both
position  0.000000  0.000000 size  1.700000  1.700000 orientation 90.00
drill  1.000000
shape_offset  0.000000  0.000000
$EndPAD
$PAD "2"
Shape Circle Layer both
position  0.000000  2.540000 size  1.700000  1.700000 orientation 90.00
drill  1.000000
shape_offset  0.000000  0.000000
$EndPAD
$EndMODULE J1

$MODULE J2
reference J2
value Conn_01x01_Socket
footprint Connector_PinHeader_2.54mm:PinHeader_1x02_P2.54mm_Vertical
attribut none
position 103.850000 111.630000  orientation 180.00
layer front
$PAD "1"
Shape Rect Layer both
position  0.000000  0.000000 size  1.700000  1.700000 orientation 180.00
drill  1.000000
shape_offset  0.000000  0.000000
$EndPAD
$PAD "2"
Shape Circle Layer both
position  0.000000  2.540000 size  1.700000  1.700000 orientation 180.00
drill  1.000000
shape_offset  0.000000  0.000000
$EndPAD
$EndMODULE J2

$MODULE R1
reference R1
value 1k
footprint Resistor_THT:R_Axial_DIN0207_L6.3mm_D2.5mm_P7.62mm_Horizontal
attribut none
position 143.280000 139.110000  orientation 180.00
layer front
$PAD "1"
Shape Circle Layer both
position  0.000000  0.000000 size  1.600000  1.600000 orientation 180.00
drill  0.800000
shape_offset  0.000000  0.000000
$EndPAD
$PAD "2"
Shape Circle Layer both
position  7.620000  0.000000 size  1.600000  1.600000 orientation 180.00
drill  0.800000
shape_offset  0.000000  0.000000
$EndPAD
$EndMODULE R1

$MODULE R2
reference R2
value 470
footprint Resistor_THT:R_Axial_DIN0207_L6.3mm_D2.5mm_P7.62mm_Horizontal
attribut none
position 128.900000 60.430000  orientation 90.00
layer front
$PAD "1"
Shape Circle Layer both
position  0.000000  0.000000 size  1.600000  1.600000 orientation 90.00
drill  0.800000
shape_offset  0.000000  0.000000
$EndPAD
$PAD "2"
Shape Circle Layer both
position  7.620000  0.000000 size  1.600000  1.600000 orientation 90.00
drill  0.800000
shape_offset  0.000000  0.000000
$EndPAD
$EndMODULE R2

$MODULE RV1
reference RV1
value 50k
footprint Potentiometer_THT:Potentiometer_Vishay_T93YA_Vertical
attribut none
position 112.500000 133.200000  orientation 180.00
layer front
$PAD "1"
Shape Roundrect Layer both
position  0.000000  0.000000 size  1.650000  1.650000 orientation 180.00
drill  0.850000
shape_offset  0.000000  0.000000
$EndPAD
$PAD "2"
Shape Circle Layer both
position  2.540000  0.000000 size  1.650000  1.650000 orientation 180.00
drill  0.850000
shape_offset  0.000000  0.000000
$EndPAD
$PAD "3"
Shape Circle Layer both
position  5.080000  0.000000 size  1.650000  1.650000 orientation 180.00
drill  0.850000
shape_offset  0.000000  0.000000
$EndPAD
$EndMODULE RV1

$MODULE U1
reference U1
value NE555P
footprint Package_DIP:DIP-8_W7.62mm
attribut none
position 97.070000 115.235000  orientation -90.00
layer front
$PAD "1"
Shape Roundrect Layer both
position  0.000000  0.000000 size  1.600000  1.600000 orientation 270.00
drill  0.800000
shape_offset  0.000000  0.000000
$EndPAD
$PAD "2"
Shape Circle Layer both
position  0.000000  2.540000 size  1.600000  1.600000 orientation 270.00
drill  0.800000
shape_offset  0.000000  0.000000
$EndPAD
$PAD "3"
Shape Circle Layer both
position  0.000000  5.080000 size  1.600000  1.600000 orientation 270.00
drill  0.800000
shape_offset  0.000000  0.000000
$EndPAD
$PAD "4"
Shape Circle Layer both
position  0.000000  7.620000 size  1.600000  1.600000 orientation 270.00
drill  0.800000
shape_offset  0.000000  0.000000
$EndPAD
$PAD "5"
Shape Circle Layer both
position  7.620000  7.620000 size  1.600000  1.600000 orientation 270.00
drill  0.800000
shape_offset  0.000000  0.000000
$EndPAD
$PAD "6"
Shape Circle Layer both
position  7.620000  5.080000 size  1.600000  1.600000 orientation 270.00
drill  0.800000
shape_offset  0.000000  0.000000
$EndPAD
$PAD "7"
Shape Circle Layer both
position  7.620000  2.540000 size  1.600000  1.600000 orientation 270.00
drill  0.800000
shape_offset  0.000000  0.000000
$EndPAD
$PAD "8"
Shape Circle Layer both
position  7.620000  0.000000 size  1.600000  1.600000 orientation 270.00
drill  0.800000
shape_offset  0.000000  0.000000
$EndPAD
$EndMODULE U1

$MODULE U2
reference U2
value 4017
footprint footprints:N16
attribut none
position 113.090000 98.370000  orientation 180.00
layer front
$PAD "1"
Shape Rect Layer both
position -7.620000 -17.780000 size  1.295400  1.295400 orientation 180.00
drill  0.787400
shape_offset  0.000000  0.000000
$EndPAD
$PAD "2"
Shape Circle Layer both
position -7.620000 -15.240000 size  1.295400  1.295400 orientation 180.00
drill  0.787400
shape_offset  0.000000  0.000000
$EndPAD
$PAD "3"
Shape Circle Layer both
position -7.620000 -12.700000 size  1.295400  1.295400 orientation 180.00
drill  0.787400
shape_offset  0.000000  0.000000
$EndPAD
$PAD "4"
Shape Circle Layer both
position -7.620000 -10.160000 size  1.295400  1.295400 orientation 180.00
drill  0.787400
shape_offset  0.000000  0.000000
$EndPAD
$PAD "5"
Shape Circle Layer both
position -7.620000 -7.620000 size  1.295400  1.295400 orientation 180.00
drill  0.787400
shape_offset  0.000000  0.000000
$EndPAD
$PAD "6"
Shape Circle Layer both
position -7.620000 -5.080000 size  1.295400  1.295400 orientation 180.00
drill  0.787400
shape_offset  0.000000  0.000000
$EndPAD
$PAD "7"
Shape Circle Layer both
position -7.620000 -2.540000 size  1.295400  1.295400 orientation 180.00
drill  0.787400
shape_offset  0.000000  0.000000
$EndPAD
$PAD "8"
Shape Circle Layer both
position -7.620000  0.000000 size  1.295400  1.295400 orientation 180.00
drill  0.787400
shape_offset  0.000000  0.000000
$EndPAD
$PAD "9"
Shape Circle Layer both
position  0.000000  0.000000 size  1.295400  1.295400 orientation 180.00
drill  0.787400
shape_offset  0.000000  0.000000
$EndPAD
$PAD "10"
Shape Circle Layer both
position  0.000000 -2.540000 size  1.295400  1.295400 orientation 180.00
drill  0.787400
shape_offset  0.000000  0.000000
$EndPAD
$PAD "11"
Shape Circle Layer both
position  0.000000 -5.080000 size  1.295400  1.295400 orientation 180.00
drill  0.787400
shape_offset  0.000000  0.000000
$EndPAD
$PAD "12"
Shape Circle Layer both
position  0.000000 -7.620000 size  1.295400  1.295400 orientation 180.00
drill  0.787400
shape_offset  0.000000  0.000000
$EndPAD
$PAD "13"
Shape Circle Layer both
position  0.000000 -10.160000 size  1.295400  1.295400 orientation 180.00
drill  0.787400
shape_offset  0.000000  0.000000
$EndPAD
$PAD "14"
Shape Circle Layer both
position  0.000000 -12.700000 size  1.295400  1.295400 orientation 180.00
drill  0.787400
shape_offset  0.000000  0.000000
$EndPAD
$PAD "15"
Shape Circle Layer both
position  0.000000 -15.240000 size  1.295400  1.295400 orientation 180.00
drill  0.787400
shape_offset  0.000000  0.000000
$EndPAD
$PAD "16"
Shape Circle Layer both
position  0.000000 -17.780000 size  1.295400  1.295400 orientation 180.00
drill  0.787400
shape_offset  0.000000  0.000000
$EndPAD
$EndMODULE U2

$EndDESCRIPTION
